[28552:0922/230339.251:ERROR:cache_util_win.cc(20)] Unable to move the cache: 拒绝访问。 (0x5)
[28552:0922/230339.251:ERROR:cache_util_win.cc(20)] Unable to move the cache: 拒绝访问。 (0x5)
[28552:0922/230339.251:ERROR:cache_util_win.cc(20)] Unable to move the cache: 拒绝访问。 (0x5)
[28552:0922/230339.267:ERROR:disk_cache.cc(208)] Unable to create cache
[28552:0922/230339.332:ERROR:gpu_disk_cache.cc(711)] Gpu Cache Creation failed: -2
[28552:0922/230339.350:ERROR:disk_cache.cc(208)] Unable to create cache
[28552:0922/230339.373:ERROR:gpu_disk_cache.cc(711)] Gpu Cache Creation failed: -2
[28552:0922/230339.375:ERROR:disk_cache.cc(208)] Unable to create cache
[28552:0922/230339.375:ERROR:gpu_disk_cache.cc(711)] Gpu Cache Creation failed: -2
SyntaxError: E:\wx-game\feixian-mv\feixian\library\2e\2ec11458-f855-4978-b14d-f3ed5cf697fa.json: Unexpected end of JSON input
    at JSON.parse (<anonymous>)
    at _readFile (E:\Cocos\Creator\3.8.7\resources\app.asar\node_modules\fs-extra\node_modules\jsonfile\index.js:25:16)
    at buildCustomLayout (E:\Cocos\Creator\3.8.7\resources\app.asar\modules\engine-extensions\extensions\engine-extends\dist\handler\assets\effect.ccc:1:3959)
    at recompileAllEffects (E:\Cocos\Creator\3.8.7\resources\app.asar\modules\engine-extensions\extensions\engine-extends\dist\handler\assets\effect.ccc:1:5316)
    at afterImport (E:\Cocos\Creator\3.8.7\resources\app.asar\modules\engine-extensions\extensions\engine-extends\dist\handler\assets\effect.ccc:1:4413)
[Error: ENOENT: no such file or directory, open 'E:\wx-game\feixian-mv\feixian\library\6c\6ce2c98a-5c87-4066-90aa-7be93bcbb738.json']
[Error: ENOENT: no such file or directory, open 'E:\wx-game\feixian-mv\feixian\library\6c\6ce2c98a-5c87-4066-90aa-7be93bcbb738.json']
[Error: ENOENT: no such file or directory, open 'E:\wx-game\feixian-mv\feixian\library\6c\6ce2c98a-5c87-4066-90aa-7be93bcbb738.json']
构建参数 mainBundleCompressionType (merge_dep) 校验失败,  compression type(undefined) is invalid for this platform!, 将会使用默认值 "merge_dep"
构建参数 debug ("true") 校验失败, typeof debug should be boolean but get true, 将会使用默认值 true
构建参数 md5Cache ("false") 校验失败, typeof md5Cache should be boolean but get false, 将会使用默认值 false
Warn: [Assets] Missing class: d1111111-1111-4111-8111-111111111105.MainGame
    at console.warn (E:\Cocos\Creator\3.8.7\resources\app.asar\node_modules\@sentry\core\src\utils-hoist\instrument\console.ts:40:14)
    at NewConsole.warn (E:\Cocos\Creator\3.8.7\resources\app.asar\builtin\asset-db\dist\worker\console.ccc:1:1637)
    at NewConsole.warn (E:\Cocos\Creator\3.8.7\resources\app.asar\builtin\builder\dist\worker\console.ccc:1:2358)
    at _Deserializer.classFinder [as _classFinder] (E:\Cocos\Creator\3.8.7\resources\app.asar\builtin\engine\dist\editor-extends\missing-reporter\missing-class-reporter.ccc:7:982)
    at _Deserializer._deserializeTypeTaggedObject (E:\Cocos\Creator\3.8.7\resources\resources\3d\engine\bin\.cache\dev\editor\bundled\index.js:44100:30)
    at _Deserializer._deserializeObject (E:\Cocos\Creator\3.8.7\resources\resources\3d\engine\bin\.cache\dev\editor\bundled\index.js:44054:29)
    at _Deserializer._deserializeAndAssignField (E:\Cocos\Creator\3.8.7\resources\resources\3d\engine\bin\.cache\dev\editor\bundled\index.js:44221:38)
    at _Deserializer._deserializeArray (E:\Cocos\Creator\3.8.7\resources\resources\3d\engine\bin\.cache\dev\editor\bundled\index.js:44082:40)
    at _Deserializer._deserializeObject (E:\Cocos\Creator\3.8.7\resources\resources\3d\engine\bin\.cache\dev\editor\bundled\index.js:44060:29)
    at _Deserializer._deserializeAndAssignField (E:\Cocos\Creator\3.8.7\resources\resources\3d\engine\bin\.cache\dev\editor\bundled\index.js:44233:36)
    at eval (E:\Cocos\Creator\3.8.7\resources\resources\3d\engine\bin\.cache\dev\editor\bundled\index.js:43822:15)
    at _Deserializer._deserializeFireClass (E:\Cocos\Creator\3.8.7\resources\resources\3d\engine\bin\.cache\dev\editor\bundled\index.js:44204:11)
    at _Deserializer._deserializeInto (E:\Cocos\Creator\3.8.7\resources\resources\3d\engine\bin\.cache\dev\editor\bundled\index.js:44146:18)
    at _Deserializer._deserializeTypeTaggedObject (E:\Cocos\Creator\3.8.7\resources\resources\3d\engine\bin\.cache\dev\editor\bundled\index.js:44118:18)
    at _Deserializer._deserializeObject (E:\Cocos\Creator\3.8.7\resources\resources\3d\engine\bin\.cache\dev\editor\bundled\index.js:44054:29)
    at _Deserializer._deserializeAndAssignField (E:\Cocos\Creator\3.8.7\resources\resources\3d\engine\bin\.cache\dev\editor\bundled\index.js:44221:38)
    at _Deserializer._deserializeArray (E:\Cocos\Creator\3.8.7\resources\resources\3d\engine\bin\.cache\dev\editor\bundled\index.js:44082:40)
    at _Deserializer._deserializeObject (E:\Cocos\Creator\3.8.7\resources\resources\3d\engine\bin\.cache\dev\editor\bundled\index.js:44060:29)
    at _Deserializer._deserializeAndAssignField (E:\Cocos\Creator\3.8.7\resources\resources\3d\engine\bin\.cache\dev\editor\bundled\index.js:44233:36)
    at eval (E:\Cocos\Creator\3.8.7\resources\resources\3d\engine\bin\.cache\dev\editor\bundled\index.js:43822:15)
    at _Deserializer._deserializeFireClass (E:\Cocos\Creator\3.8.7\resources\resources\3d\engine\bin\.cache\dev\editor\bundled\index.js:44204:11)
    at _Deserializer._deserializeInto (E:\Cocos\Creator\3.8.7\resources\resources\3d\engine\bin\.cache\dev\editor\bundled\index.js:44146:18)
    at _Deserializer._deserializeTypeTaggedObject (E:\Cocos\Creator\3.8.7\resources\resources\3d\engine\bin\.cache\dev\editor\bundled\index.js:44118:18)
    at _Deserializer._deserializeObject (E:\Cocos\Creator\3.8.7\resources\resources\3d\engine\bin\.cache\dev\editor\bundled\index.js:44054:29)
    at _Deserializer._deserializeAndAssignField (E:\Cocos\Creator\3.8.7\resources\resources\3d\engine\bin\.cache\dev\editor\bundled\index.js:44221:38)
    at eval (E:\Cocos\Creator\3.8.7\resources\resources\3d\engine\bin\.cache\dev\editor\bundled\index.js:43822:15)
    at _Deserializer._deserializeFireClass (E:\Cocos\Creator\3.8.7\resources\resources\3d\engine\bin\.cache\dev\editor\bundled\index.js:44204:11)
    at _Deserializer._deserializeInto (E:\Cocos\Creator\3.8.7\resources\resources\3d\engine\bin\.cache\dev\editor\bundled\index.js:44146:18)
    at _Deserializer._deserializeTypeTaggedObject (E:\Cocos\Creator\3.8.7\resources\resources\3d\engine\bin\.cache\dev\editor\bundled\index.js:44118:18)
    at _Deserializer._deserializeObject (E:\Cocos\Creator\3.8.7\resources\resources\3d\engine\bin\.cache\dev\editor\bundled\index.js:44054:29)
    at _Deserializer.deserialize (E:\Cocos\Creator\3.8.7\resources\resources\3d\engine\bin\.cache\dev\editor\bundled\index.js:44026:42)
    at deserializeDynamic (E:\Cocos\Creator\3.8.7\resources\resources\3d\engine\bin\.cache\dev\editor\bundled\index.js:43876:30)
    at deserialize (E:\Cocos\Creator\3.8.7\resources\resources\3d\engine\bin\.cache\dev\editor\bundled\index.js:44741:13)
    at BuildAssetLibrary.getRawInstanceFromData (E:\Cocos\Creator\3.8.7\resources\app.asar\builtin\builder\dist\worker\builder\manager\asset-library.ccc:1:7055)
    at BuildAssetLibrary.getRawInstance (E:\Cocos\Creator\3.8.7\resources\app.asar\builtin\builder\dist\worker\builder\manager\asset-library.ccc:1:6683)
    at BuildAssetLibrary.getDependUuids (E:\Cocos\Creator\3.8.7\resources\app.asar\builtin\builder\dist\worker\builder\manager\asset-library.ccc:1:3398)
    at s (E:\Cocos\Creator\3.8.7\resources\app.asar\builtin\builder\dist\worker\builder\asset-handler\bundle\index.ccc:1:12269)
    at async Promise.all (index 0)
    at async Promise.all (index 0)
    at BundleManager.initBundleShareAssets (E:\Cocos\Creator\3.8.7\resources\app.asar\builtin\builder\dist\worker\builder\asset-handler\bundle\index.ccc:1:11860)
    at BundleManager.initAsset (E:\Cocos\Creator\3.8.7\resources\app.asar\builtin\builder\dist\worker\builder\asset-handler\bundle\index.ccc:1:4539)
    at BuildTask.handle (E:\Cocos\Creator\3.8.7\resources\app.asar\builtin\builder\dist\worker\builder\tasks\data-task\asset.ccc:1:43)
    at BuildTask.runBuildTask (E:\Cocos\Creator\3.8.7\resources\app.asar\builtin\builder\dist\worker\builder\index.ccc:1:13660)
    at BuildTask.run (E:\Cocos\Creator\3.8.7\resources\app.asar\builtin\builder\dist\worker\builder\index.ccc:1:4100)
    at build (E:\Cocos\Creator\3.8.7\resources\app.asar\builtin\builder\dist\worker\index.ccc:1:4723)
    at Ipc.<anonymous> (E:\Cocos\Creator\3.8.7\resources\app.asar\builtin\builder\dist\worker\msg-util.ccc:1:210)
Error: [Assets] Script "d1111111-1111-4111-8111-111111111105.MainGame" attached to "Canvas" in scene "main" is missing or invalid. Detailed information:
Node path: "Canvas"
Asset url: "db://assets/scenes/main"

    at console.error (E:\Cocos\Creator\3.8.7\resources\app.asar\node_modules\@sentry\core\src\utils-hoist\instrument\console.ts:40:14)
    at NewConsole.error (E:\Cocos\Creator\3.8.7\resources\app.asar\builtin\asset-db\dist\worker\console.ccc:1:1536)
    at NewConsole.error (E:\Cocos\Creator\3.8.7\resources\app.asar\builtin\builder\dist\worker\console.ccc:1:2258)
    at report (E:\Cocos\Creator\3.8.7\resources\app.asar\builtin\engine\dist\editor-extends\missing-reporter\missing-class-reporter.ccc:7:25)
    at reportByWalker (E:\Cocos\Creator\3.8.7\resources\app.asar\builtin\engine\dist\editor-extends\missing-reporter\missing-class-reporter.ccc:7:133)
    at E:\Cocos\Creator\3.8.7\resources\app.asar\builtin\engine\dist\editor-extends\missing-reporter\missing-class-reporter.ccc:7:746
    at ObjectWalkerBehavior.walk (E:\Cocos\Creator\3.8.7\resources\app.asar\builtin\engine\dist\editor-extends\missing-reporter\object-walker.ccc:1:2379)
    at ObjectWalkerBehavior.forEach (E:\Cocos\Creator\3.8.7\resources\app.asar\builtin\engine\dist\editor-extends\missing-reporter\object-walker.ccc:1:831)
    at ObjectWalkerBehavior.parseObject (E:\Cocos\Creator\3.8.7\resources\app.asar\builtin\engine\dist\editor-extends\missing-reporter\object-walker.ccc:1:339)
    at doWalkProperties (E:\Cocos\Creator\3.8.7\resources\app.asar\builtin\engine\dist\editor-extends\missing-reporter\object-walker.ccc:1:2173)
    at ObjectWalker.iteratee (E:\Cocos\Creator\3.8.7\resources\app.asar\builtin\engine\dist\editor-extends\missing-reporter\object-walker.ccc:1:2316)
    at ObjectWalker.walk (E:\Cocos\Creator\3.8.7\resources\app.asar\builtin\engine\dist\editor-extends\missing-reporter\object-walker.ccc:1:1769)
    at ObjectWalker.parseCCClass (E:\Cocos\Creator\3.8.7\resources\app.asar\builtin\engine\dist\editor-extends\missing-reporter\object-walker.ccc:1:656)
    at ObjectWalker.parseObject (E:\Cocos\Creator\3.8.7\resources\app.asar\builtin\engine\dist\editor-extends\missing-reporter\object-walker.ccc:1:469)
    at ObjectWalker.walk (E:\Cocos\Creator\3.8.7\resources\app.asar\builtin\engine\dist\editor-extends\missing-reporter\object-walker.ccc:1:1876)
    at ObjectWalker.forEach (E:\Cocos\Creator\3.8.7\resources\app.asar\builtin\engine\dist\editor-extends\missing-reporter\object-walker.ccc:1:831)
    at ObjectWalker.parseObject (E:\Cocos\Creator\3.8.7\resources\app.asar\builtin\engine\dist\editor-extends\missing-reporter\object-walker.ccc:1:339)
    at ObjectWalker.walk (E:\Cocos\Creator\3.8.7\resources\app.asar\builtin\engine\dist\editor-extends\missing-reporter\object-walker.ccc:1:1876)
    at ObjectWalker.parseCCClass (E:\Cocos\Creator\3.8.7\resources\app.asar\builtin\engine\dist\editor-extends\missing-reporter\object-walker.ccc:1:656)
    at ObjectWalker.parseObject (E:\Cocos\Creator\3.8.7\resources\app.asar\builtin\engine\dist\editor-extends\missing-reporter\object-walker.ccc:1:469)
    at ObjectWalker.walk (E:\Cocos\Creator\3.8.7\resources\app.asar\builtin\engine\dist\editor-extends\missing-reporter\object-walker.ccc:1:1876)
    at ObjectWalker.parseCCClass (E:\Cocos\Creator\3.8.7\resources\app.asar\builtin\engine\dist\editor-extends\missing-reporter\object-walker.ccc:1:656)
    at ObjectWalker.parseObject (E:\Cocos\Creator\3.8.7\resources\app.asar\builtin\engine\dist\editor-extends\missing-reporter\object-walker.ccc:1:469)
    at new ObjectWalker (E:\Cocos\Creator\3.8.7\resources\app.asar\builtin\engine\dist\editor-extends\missing-reporter\object-walker.ccc:1:1426)
    at Object.walkProperties (E:\Cocos\Creator\3.8.7\resources\app.asar\builtin\engine\dist\editor-extends\missing-reporter\object-walker.ccc:1:2245)
    at MissingClassReporter.reportByOwner (E:\Cocos\Creator\3.8.7\resources\app.asar\builtin\engine\dist\editor-extends\missing-reporter\missing-class-reporter.ccc:7:658)
    at Object.reportMissingClass (E:\Cocos\Creator\3.8.7\resources\app.asar\builtin\engine\dist\editor-extends\missing-reporter\missing-class-reporter.ccc:7:1262)
    at BuildAssetLibrary.getRawInstanceFromData (E:\Cocos\Creator\3.8.7\resources\app.asar\builtin\builder\dist\worker\builder\manager\asset-library.ccc:1:7211)
    at BuildAssetLibrary.getRawInstance (E:\Cocos\Creator\3.8.7\resources\app.asar\builtin\builder\dist\worker\builder\manager\asset-library.ccc:1:6683)
    at BuildAssetLibrary.getDependUuids (E:\Cocos\Creator\3.8.7\resources\app.asar\builtin\builder\dist\worker\builder\manager\asset-library.ccc:1:3398)
    at s (E:\Cocos\Creator\3.8.7\resources\app.asar\builtin\builder\dist\worker\builder\asset-handler\bundle\index.ccc:1:12269)
    at async Promise.all (index 0)
    at async Promise.all (index 0)
    at BundleManager.initBundleShareAssets (E:\Cocos\Creator\3.8.7\resources\app.asar\builtin\builder\dist\worker\builder\asset-handler\bundle\index.ccc:1:11860)
    at BundleManager.initAsset (E:\Cocos\Creator\3.8.7\resources\app.asar\builtin\builder\dist\worker\builder\asset-handler\bundle\index.ccc:1:4539)
    at BuildTask.handle (E:\Cocos\Creator\3.8.7\resources\app.asar\builtin\builder\dist\worker\builder\tasks\data-task\asset.ccc:1:43)
    at BuildTask.runBuildTask (E:\Cocos\Creator\3.8.7\resources\app.asar\builtin\builder\dist\worker\builder\index.ccc:1:13660)
    at BuildTask.run (E:\Cocos\Creator\3.8.7\resources\app.asar\builtin\builder\dist\worker\builder\index.ccc:1:4100)
    at build (E:\Cocos\Creator\3.8.7\resources\app.asar\builtin\builder\dist\worker\index.ccc:1:4723)
    at Ipc.<anonymous> (E:\Cocos\Creator\3.8.7\resources\app.asar\builtin\builder\dist\worker\msg-util.ccc:1:210)
2026-9-22 23:04:11 - warn: Missing class: d1111111-1111-4111-8111-111111111105.MainGame

Error: 2026-9-22 23:04:11 - error: Script "d1111111-1111-4111-8111-111111111105.MainGame" attached to "Canvas" in scene "main" is missing or invalid. Detailed information:Node path: "Canvas"Asset url: "db://assets/scenes/main"

    at console.<anonymous> (E:\Cocos\Creator\3.8.7\resources\app.asar\node_modules\@editor\sentry\dist\main\main.ccc:41:45)
    at console.<anonymous> (E:\Cocos\Creator\3.8.7\resources\app.asar\node_modules\@sentry\core\src\utils-hoist\instrument\console.ts:40:14)
    at console.error (E:\Cocos\Creator\3.8.7\resources\app.asar\node_modules\@base\electron-logger\lib\browser\index.js:1:1710)
    at EventEmitter.<anonymous> (E:\Cocos\Creator\3.8.7\resources\app.asar\builtin\builder\dist\browser\tasks.ccc:1:10705)
    at EventEmitter.emit (node:events:519:28)
    at EventEmitter.emit (node:domain:488:12)
    at EventEmitter.<anonymous> (E:\Cocos\Creator\3.8.7\resources\app.asar\node_modules\@base\electron-worker\lib\browser.ccc:1:2415)
    at EventEmitter.emit (node:events:519:28)
    at EventEmitter.emit (node:domain:488:12)
    at IpcMainImpl.<anonymous> (E:\Cocos\Creator\3.8.7\resources\app.asar\node_modules\@base\electron-base-ipc\dist\browser.ccc:1:3556)
Warn: [Assets] Missing class: d1111111-1111-4111-8111-111111111105.MainGame
    at console.warn (E:\Cocos\Creator\3.8.7\resources\app.asar\node_modules\@sentry\core\src\utils-hoist\instrument\console.ts:40:14)
    at NewConsole.warn (E:\Cocos\Creator\3.8.7\resources\app.asar\builtin\asset-db\dist\worker\console.ccc:1:1637)
    at NewConsole.warn (E:\Cocos\Creator\3.8.7\resources\app.asar\builtin\builder\dist\worker\console.ccc:1:2358)
    at _Deserializer.classFinder [as _classFinder] (E:\Cocos\Creator\3.8.7\resources\app.asar\builtin\engine\dist\editor-extends\missing-reporter\missing-class-reporter.ccc:7:982)
    at _Deserializer._deserializeTypeTaggedObject (E:\Cocos\Creator\3.8.7\resources\resources\3d\engine\bin\.cache\dev\editor\bundled\index.js:44100:30)
    at _Deserializer._deserializeObject (E:\Cocos\Creator\3.8.7\resources\resources\3d\engine\bin\.cache\dev\editor\bundled\index.js:44054:29)
    at _Deserializer._deserializeAndAssignField (E:\Cocos\Creator\3.8.7\resources\resources\3d\engine\bin\.cache\dev\editor\bundled\index.js:44221:38)
    at _Deserializer._deserializeArray (E:\Cocos\Creator\3.8.7\resources\resources\3d\engine\bin\.cache\dev\editor\bundled\index.js:44082:40)
    at _Deserializer._deserializeObject (E:\Cocos\Creator\3.8.7\resources\resources\3d\engine\bin\.cache\dev\editor\bundled\index.js:44060:29)
    at _Deserializer._deserializeAndAssignField (E:\Cocos\Creator\3.8.7\resources\resources\3d\engine\bin\.cache\dev\editor\bundled\index.js:44233:36)
    at eval (E:\Cocos\Creator\3.8.7\resources\resources\3d\engine\bin\.cache\dev\editor\bundled\index.js:43822:15)
    at _Deserializer._deserializeFireClass (E:\Cocos\Creator\3.8.7\resources\resources\3d\engine\bin\.cache\dev\editor\bundled\index.js:44204:11)
    at _Deserializer._deserializeInto (E:\Cocos\Creator\3.8.7\resources\resources\3d\engine\bin\.cache\dev\editor\bundled\index.js:44146:18)
    at _Deserializer._deserializeTypeTaggedObject (E:\Cocos\Creator\3.8.7\resources\resources\3d\engine\bin\.cache\dev\editor\bundled\index.js:44118:18)
    at _Deserializer._deserializeObject (E:\Cocos\Creator\3.8.7\resources\resources\3d\engine\bin\.cache\dev\editor\bundled\index.js:44054:29)
    at _Deserializer._deserializeAndAssignField (E:\Cocos\Creator\3.8.7\resources\resources\3d\engine\bin\.cache\dev\editor\bundled\index.js:44221:38)
    at _Deserializer._deserializeArray (E:\Cocos\Creator\3.8.7\resources\resources\3d\engine\bin\.cache\dev\editor\bundled\index.js:44082:40)
    at _Deserializer._deserializeObject (E:\Cocos\Creator\3.8.7\resources\resources\3d\engine\bin\.cache\dev\editor\bundled\index.js:44060:29)
    at _Deserializer._deserializeAndAssignField (E:\Cocos\Creator\3.8.7\resources\resources\3d\engine\bin\.cache\dev\editor\bundled\index.js:44233:36)
    at eval (E:\Cocos\Creator\3.8.7\resources\resources\3d\engine\bin\.cache\dev\editor\bundled\index.js:43822:15)
    at _Deserializer._deserializeFireClass (E:\Cocos\Creator\3.8.7\resources\resources\3d\engine\bin\.cache\dev\editor\bundled\index.js:44204:11)
    at _Deserializer._deserializeInto (E:\Cocos\Creator\3.8.7\resources\resources\3d\engine\bin\.cache\dev\editor\bundled\index.js:44146:18)
    at _Deserializer._deserializeTypeTaggedObject (E:\Cocos\Creator\3.8.7\resources\resources\3d\engine\bin\.cache\dev\editor\bundled\index.js:44118:18)
    at _Deserializer._deserializeObject (E:\Cocos\Creator\3.8.7\resources\resources\3d\engine\bin\.cache\dev\editor\bundled\index.js:44054:29)
    at _Deserializer._deserializeAndAssignField (E:\Cocos\Creator\3.8.7\resources\resources\3d\engine\bin\.cache\dev\editor\bundled\index.js:44221:38)
    at eval (E:\Cocos\Creator\3.8.7\resources\resources\3d\engine\bin\.cache\dev\editor\bundled\index.js:43822:15)
    at _Deserializer._deserializeFireClass (E:\Cocos\Creator\3.8.7\resources\resources\3d\engine\bin\.cache\dev\editor\bundled\index.js:44204:11)
    at _Deserializer._deserializeInto (E:\Cocos\Creator\3.8.7\resources\resources\3d\engine\bin\.cache\dev\editor\bundled\index.js:44146:18)
    at _Deserializer._deserializeTypeTaggedObject (E:\Cocos\Creator\3.8.7\resources\resources\3d\engine\bin\.cache\dev\editor\bundled\index.js:44118:18)
    at _Deserializer._deserializeObject (E:\Cocos\Creator\3.8.7\resources\resources\3d\engine\bin\.cache\dev\editor\bundled\index.js:44054:29)
    at _Deserializer.deserialize (E:\Cocos\Creator\3.8.7\resources\resources\3d\engine\bin\.cache\dev\editor\bundled\index.js:44026:42)
    at deserializeDynamic (E:\Cocos\Creator\3.8.7\resources\resources\3d\engine\bin\.cache\dev\editor\bundled\index.js:43876:30)
    at deserialize (E:\Cocos\Creator\3.8.7\resources\resources\3d\engine\bin\.cache\dev\editor\bundled\index.js:44741:13)
    at BuildAssetLibrary.getRawInstanceFromData (E:\Cocos\Creator\3.8.7\resources\app.asar\builtin\builder\dist\worker\builder\manager\asset-library.ccc:1:7055)
    at BuildAssetLibrary.getRawInstance (E:\Cocos\Creator\3.8.7\resources\app.asar\builtin\builder\dist\worker\builder\manager\asset-library.ccc:1:6683)
    at BuildAssetLibrary.getSerializedJSON (E:\Cocos\Creator\3.8.7\resources\app.asar\builtin\builder\dist\worker\builder\manager\asset-library.ccc:1:4209)
    at BuilderAssetCache.getSerializedJSON (E:\Cocos\Creator\3.8.7\resources\app.asar\builtin\builder\dist\worker\builder\manager\asset.ccc:1:2676)
    at outputJsonGroup (E:\Cocos\Creator\3.8.7\resources\app.asar\builtin\builder\dist\worker\builder\asset-handler\bundle\json-group.ccc:1:4354)
    at E:\Cocos\Creator\3.8.7\resources\app.asar\builtin\builder\dist\worker\builder\asset-handler\bundle\index.ccc:1:15996
    at async Promise.all (index 1)
    at BundleManager.outputAssets (E:\Cocos\Creator\3.8.7\resources\app.asar\builtin\builder\dist\worker\builder\asset-handler\bundle\index.ccc:1:15854)
    at BundleManager.buildAsset (E:\Cocos\Creator\3.8.7\resources\app.asar\builtin\builder\dist\worker\builder\asset-handler\bundle\index.ccc:1:4788)
    at BuildTask.handle (E:\Cocos\Creator\3.8.7\resources\app.asar\builtin\builder\dist\worker\builder\tasks\build-task\asset.ccc:1:246)
    at BuildTask.runBuildTask (E:\Cocos\Creator\3.8.7\resources\app.asar\builtin\builder\dist\worker\builder\index.ccc:1:13660)
    at BuildTask.run (E:\Cocos\Creator\3.8.7\resources\app.asar\builtin\builder\dist\worker\builder\index.ccc:1:4478)
    at build (E:\Cocos\Creator\3.8.7\resources\app.asar\builtin\builder\dist\worker\index.ccc:1:4723)
    at Ipc.<anonymous> (E:\Cocos\Creator\3.8.7\resources\app.asar\builtin\builder\dist\worker\msg-util.ccc:1:210)
2026-9-22 23:05:39 - warn: Missing class: d1111111-1111-4111-8111-111111111105.MainGame

Warn: [Assets] Missing class: d1111111-1111-4111-8111-111111111105.MainGame
    at console.warn (E:\Cocos\Creator\3.8.7\resources\app.asar\node_modules\@sentry\core\src\utils-hoist\instrument\console.ts:40:14)
    at NewConsole.warn (E:\Cocos\Creator\3.8.7\resources\app.asar\builtin\asset-db\dist\worker\console.ccc:1:1637)
    at NewConsole.warn (E:\Cocos\Creator\3.8.7\resources\app.asar\builtin\builder\dist\worker\console.ccc:1:2358)
    at _Deserializer.classFinder [as _classFinder] (E:\Cocos\Creator\3.8.7\resources\app.asar\builtin\engine\dist\editor-extends\missing-reporter\missing-class-reporter.ccc:7:982)
    at _Deserializer._deserializeTypeTaggedObject (E:\Cocos\Creator\3.8.7\resources\resources\3d\engine\bin\.cache\dev\editor\bundled\index.js:44100:30)
    at _Deserializer._deserializeObject (E:\Cocos\Creator\3.8.7\resources\resources\3d\engine\bin\.cache\dev\editor\bundled\index.js:44054:29)
    at _Deserializer._deserializeAndAssignField (E:\Cocos\Creator\3.8.7\resources\resources\3d\engine\bin\.cache\dev\editor\bundled\index.js:44221:38)
    at _Deserializer._deserializeArray (E:\Cocos\Creator\3.8.7\resources\resources\3d\engine\bin\.cache\dev\editor\bundled\index.js:44082:40)
    at _Deserializer._deserializeObject (E:\Cocos\Creator\3.8.7\resources\resources\3d\engine\bin\.cache\dev\editor\bundled\index.js:44060:29)
    at _Deserializer._deserializeAndAssignField (E:\Cocos\Creator\3.8.7\resources\resources\3d\engine\bin\.cache\dev\editor\bundled\index.js:44233:36)
    at eval (E:\Cocos\Creator\3.8.7\resources\resources\3d\engine\bin\.cache\dev\editor\bundled\index.js:43822:15)
    at _Deserializer._deserializeFireClass (E:\Cocos\Creator\3.8.7\resources\resources\3d\engine\bin\.cache\dev\editor\bundled\index.js:44204:11)
    at _Deserializer._deserializeInto (E:\Cocos\Creator\3.8.7\resources\resources\3d\engine\bin\.cache\dev\editor\bundled\index.js:44146:18)
    at _Deserializer._deserializeTypeTaggedObject (E:\Cocos\Creator\3.8.7\resources\resources\3d\engine\bin\.cache\dev\editor\bundled\index.js:44118:18)
    at _Deserializer._deserializeObject (E:\Cocos\Creator\3.8.7\resources\resources\3d\engine\bin\.cache\dev\editor\bundled\index.js:44054:29)
    at _Deserializer._deserializeAndAssignField (E:\Cocos\Creator\3.8.7\resources\resources\3d\engine\bin\.cache\dev\editor\bundled\index.js:44221:38)
    at _Deserializer._deserializeArray (E:\Cocos\Creator\3.8.7\resources\resources\3d\engine\bin\.cache\dev\editor\bundled\index.js:44082:40)
    at _Deserializer._deserializeObject (E:\Cocos\Creator\3.8.7\resources\resources\3d\engine\bin\.cache\dev\editor\bundled\index.js:44060:29)
    at _Deserializer._deserializeAndAssignField (E:\Cocos\Creator\3.8.7\resources\resources\3d\engine\bin\.cache\dev\editor\bundled\index.js:44233:36)
    at eval (E:\Cocos\Creator\3.8.7\resources\resources\3d\engine\bin\.cache\dev\editor\bundled\index.js:43822:15)
    at _Deserializer._deserializeFireClass (E:\Cocos\Creator\3.8.7\resources\resources\3d\engine\bin\.cache\dev\editor\bundled\index.js:44204:11)
    at _Deserializer._deserializeInto (E:\Cocos\Creator\3.8.7\resources\resources\3d\engine\bin\.cache\dev\editor\bundled\index.js:44146:18)
    at _Deserializer._deserializeTypeTaggedObject (E:\Cocos\Creator\3.8.7\resources\resources\3d\engine\bin\.cache\dev\editor\bundled\index.js:44118:18)
    at _Deserializer._deserializeObject (E:\Cocos\Creator\3.8.7\resources\resources\3d\engine\bin\.cache\dev\editor\bundled\index.js:44054:29)
    at _Deserializer._deserializeAndAssignField (E:\Cocos\Creator\3.8.7\resources\resources\3d\engine\bin\.cache\dev\editor\bundled\index.js:44221:38)
    at eval (E:\Cocos\Creator\3.8.7\resources\resources\3d\engine\bin\.cache\dev\editor\bundled\index.js:43822:15)
    at _Deserializer._deserializeFireClass (E:\Cocos\Creator\3.8.7\resources\resources\3d\engine\bin\.cache\dev\editor\bundled\index.js:44204:11)
    at _Deserializer._deserializeInto (E:\Cocos\Creator\3.8.7\resources\resources\3d\engine\bin\.cache\dev\editor\bundled\index.js:44146:18)
    at _Deserializer._deserializeTypeTaggedObject (E:\Cocos\Creator\3.8.7\resources\resources\3d\engine\bin\.cache\dev\editor\bundled\index.js:44118:18)
    at _Deserializer._deserializeObject (E:\Cocos\Creator\3.8.7\resources\resources\3d\engine\bin\.cache\dev\editor\bundled\index.js:44054:29)
    at _Deserializer.deserialize (E:\Cocos\Creator\3.8.7\resources\resources\3d\engine\bin\.cache\dev\editor\bundled\index.js:44026:42)
    at deserializeDynamic (E:\Cocos\Creator\3.8.7\resources\resources\3d\engine\bin\.cache\dev\editor\bundled\index.js:43876:30)
    at deserialize (E:\Cocos\Creator\3.8.7\resources\resources\3d\engine\bin\.cache\dev\editor\bundled\index.js:44741:13)
    at BuildAssetLibrary.getRawInstanceFromData (E:\Cocos\Creator\3.8.7\resources\app.asar\builtin\builder\dist\worker\builder\manager\asset-library.ccc:1:7055)
    at BuildAssetLibrary.getRawInstance (E:\Cocos\Creator\3.8.7\resources\app.asar\builtin\builder\dist\worker\builder\manager\asset-library.ccc:1:6683)
    at BuildAssetLibrary.getInstance (E:\Cocos\Creator\3.8.7\resources\app.asar\builtin\builder\dist\worker\builder\manager\asset-library.ccc:1:3846)
    at collectMetricFromAsset (E:\Cocos\Creator\3.8.7\resources\app.asar\builtin\builder\dist\worker\builder\metric.ccc:1:3695)
    at E:\Cocos\Creator\3.8.7\resources\app.asar\builtin\builder\dist\worker\builder\metric.ccc:1:3373
    at async Promise.all (index 0)
    at collectMetricFromBundle (E:\Cocos\Creator\3.8.7\resources\app.asar\builtin\builder\dist\worker\builder\metric.ccc:1:3259)
    at collectMetricFromResult (E:\Cocos\Creator\3.8.7\resources\app.asar\builtin\builder\dist\worker\builder\metric.ccc:1:3053)
    at BuildTask.addStatistics (E:\Cocos\Creator\3.8.7\resources\app.asar\builtin\builder\dist\worker\builder\index.ccc:1:2842)
    at BuildTask.postBuild (E:\Cocos\Creator\3.8.7\resources\app.asar\builtin\builder\dist\worker\builder\index.ccc:1:7077)
    at BuildTask.run (E:\Cocos\Creator\3.8.7\resources\app.asar\builtin\builder\dist\worker\builder\index.ccc:1:5510)
    at build (E:\Cocos\Creator\3.8.7\resources\app.asar\builtin\builder\dist\worker\index.ccc:1:4723)
    at Ipc.<anonymous> (E:\Cocos\Creator\3.8.7\resources\app.asar\builtin\builder\dist\worker\msg-util.ccc:1:210)
2026-9-22 23:05:40 - warn: Missing class: d1111111-1111-4111-8111-111111111105.MainGame

